[debug] [2026-01-20T06:00:50.267Z] > command requires scopes: ["email","openid","https://www.googleapis.com/auth/cloudplatformprojects.readonly","https://www.googleapis.com/auth/firebase","https://www.googleapis.com/auth/cloud-platform"]
[debug] [2026-01-20T06:00:50.270Z] > authorizing via signed-in user (drjang00@gmail.com)
[debug] [2026-01-20T06:00:50.270Z] Checked if tokens are valid: true, expires at: 1768892366977
[debug] [2026-01-20T06:00:50.270Z] Checked if tokens are valid: true, expires at: 1768892366977
[debug] [2026-01-20T06:00:50.271Z] >>> [apiv2][query] GET https://cloudbilling.googleapis.com/v1/projects/miryangosweb/billingInfo [none]
[debug] [2026-01-20T06:00:50.276Z] > command requires scopes: ["email","openid","https://www.googleapis.com/auth/cloudplatformprojects.readonly","https://www.googleapis.com/auth/firebase","https://www.googleapis.com/auth/cloud-platform"]
[debug] [2026-01-20T06:00:50.277Z] > authorizing via signed-in user (drjang00@gmail.com)
[debug] [2026-01-20T06:00:50.277Z] Checked if tokens are valid: true, expires at: 1768892366977
[debug] [2026-01-20T06:00:50.277Z] Checked if tokens are valid: true, expires at: 1768892366977
[debug] [2026-01-20T06:00:50.277Z] >>> [apiv2][query] GET https://cloudbilling.googleapis.com/v1/projects/miryangosweb/billingInfo [none]
[debug] [2026-01-20T06:00:51.418Z] <<< [apiv2][status] GET https://cloudbilling.googleapis.com/v1/projects/miryangosweb/billingInfo 200
[debug] [2026-01-20T06:00:51.418Z] <<< [apiv2][body] GET https://cloudbilling.googleapis.com/v1/projects/miryangosweb/billingInfo {"name":"projects/miryangosweb/billingInfo","projectId":"miryangosweb","billingAccountName":"billingAccounts/01FCEA-2B8569-1002A1","billingEnabled":true}
[debug] [2026-01-20T06:00:52.139Z] Checked if tokens are valid: true, expires at: 1768892366977
[debug] [2026-01-20T06:00:52.140Z] Checked if tokens are valid: true, expires at: 1768892366977
[debug] [2026-01-20T06:00:52.140Z] Checked if tokens are valid: true, expires at: 1768892366977
[debug] [2026-01-20T06:00:52.140Z] Checked if tokens are valid: true, expires at: 1768892366977
[debug] [2026-01-20T06:00:52.148Z] Checked if tokens are valid: true, expires at: 1768892366977
[debug] [2026-01-20T06:00:52.148Z] Checked if tokens are valid: true, expires at: 1768892366977
[debug] [2026-01-20T06:00:52.148Z] Checked if tokens are valid: true, expires at: 1768892366977
[debug] [2026-01-20T06:00:52.148Z] Checked if tokens are valid: true, expires at: 1768892366977
[debug] [2026-01-20T06:00:52.148Z] >>> [apiv2][query] GET https://serviceusage.googleapis.com/v1/projects/miryangosweb/services/firebasedataconnect.googleapis.com [none]
[debug] [2026-01-20T06:00:52.148Z] >>> [apiv2][(partial)header] GET https://serviceusage.googleapis.com/v1/projects/miryangosweb/services/firebasedataconnect.googleapis.com x-goog-quota-user=projects/miryangosweb
[debug] [2026-01-20T06:00:52.149Z] >>> [apiv2][query] GET https://serviceusage.googleapis.com/v1/projects/miryangosweb/services/cloudfunctions.googleapis.com [none]
[debug] [2026-01-20T06:00:52.149Z] >>> [apiv2][(partial)header] GET https://serviceusage.googleapis.com/v1/projects/miryangosweb/services/cloudfunctions.googleapis.com x-goog-quota-user=projects/miryangosweb
[debug] [2026-01-20T06:00:52.150Z] >>> [apiv2][query] GET https://serviceusage.googleapis.com/v1/projects/miryangosweb/services/firebaseapphosting.googleapis.com [none]
[debug] [2026-01-20T06:00:52.150Z] >>> [apiv2][(partial)header] GET https://serviceusage.googleapis.com/v1/projects/miryangosweb/services/firebaseapphosting.googleapis.com x-goog-quota-user=projects/miryangosweb
[debug] [2026-01-20T06:00:52.150Z] >>> [apiv2][query] GET https://serviceusage.googleapis.com/v1/projects/miryangosweb/services/firebaseio.com [none]
[debug] [2026-01-20T06:00:52.150Z] >>> [apiv2][(partial)header] GET https://serviceusage.googleapis.com/v1/projects/miryangosweb/services/firebaseio.com x-goog-quota-user=projects/miryangosweb
[debug] [2026-01-20T06:00:52.175Z] <<< [apiv2][status] GET https://cloudbilling.googleapis.com/v1/projects/miryangosweb/billingInfo 200
[debug] [2026-01-20T06:00:52.175Z] <<< [apiv2][body] GET https://cloudbilling.googleapis.com/v1/projects/miryangosweb/billingInfo {"name":"projects/miryangosweb/billingInfo","projectId":"miryangosweb","billingAccountName":"billingAccounts/01FCEA-2B8569-1002A1","billingEnabled":true}
[debug] [2026-01-20T06:00:52.176Z] Checked if tokens are valid: true, expires at: 1768892366977
[debug] [2026-01-20T06:00:52.176Z] Checked if tokens are valid: true, expires at: 1768892366977
[debug] [2026-01-20T06:00:52.176Z] Checked if tokens are valid: true, expires at: 1768892366977
[debug] [2026-01-20T06:00:52.176Z] Checked if tokens are valid: true, expires at: 1768892366977
[debug] [2026-01-20T06:00:52.179Z] Checked if tokens are valid: true, expires at: 1768892366977
[debug] [2026-01-20T06:00:52.179Z] Checked if tokens are valid: true, expires at: 1768892366977
[debug] [2026-01-20T06:00:52.179Z] Checked if tokens are valid: true, expires at: 1768892366977
[debug] [2026-01-20T06:00:52.179Z] Checked if tokens are valid: true, expires at: 1768892366977
[debug] [2026-01-20T06:00:52.179Z] >>> [apiv2][query] GET https://serviceusage.googleapis.com/v1/projects/miryangosweb/services/firebasedataconnect.googleapis.com [none]
[debug] [2026-01-20T06:00:52.179Z] >>> [apiv2][(partial)header] GET https://serviceusage.googleapis.com/v1/projects/miryangosweb/services/firebasedataconnect.googleapis.com x-goog-quota-user=projects/miryangosweb
[debug] [2026-01-20T06:00:52.180Z] >>> [apiv2][query] GET https://serviceusage.googleapis.com/v1/projects/miryangosweb/services/cloudfunctions.googleapis.com [none]
[debug] [2026-01-20T06:00:52.180Z] >>> [apiv2][(partial)header] GET https://serviceusage.googleapis.com/v1/projects/miryangosweb/services/cloudfunctions.googleapis.com x-goog-quota-user=projects/miryangosweb
[debug] [2026-01-20T06:00:52.181Z] >>> [apiv2][query] GET https://serviceusage.googleapis.com/v1/projects/miryangosweb/services/firebaseapphosting.googleapis.com [none]
[debug] [2026-01-20T06:00:52.181Z] >>> [apiv2][(partial)header] GET https://serviceusage.googleapis.com/v1/projects/miryangosweb/services/firebaseapphosting.googleapis.com x-goog-quota-user=projects/miryangosweb
[debug] [2026-01-20T06:00:52.181Z] >>> [apiv2][query] GET https://serviceusage.googleapis.com/v1/projects/miryangosweb/services/firebaseio.com [none]
[debug] [2026-01-20T06:00:52.181Z] >>> [apiv2][(partial)header] GET https://serviceusage.googleapis.com/v1/projects/miryangosweb/services/firebaseio.com x-goog-quota-user=projects/miryangosweb
[debug] [2026-01-20T06:00:53.116Z] <<< [apiv2][status] GET https://serviceusage.googleapis.com/v1/projects/miryangosweb/services/firebaseio.com 403
[debug] [2026-01-20T06:00:53.116Z] <<< [apiv2][body] GET https://serviceusage.googleapis.com/v1/projects/miryangosweb/services/firebaseio.com [omitted]
[debug] [2026-01-20T06:00:53.151Z] <<< [apiv2][status] GET https://serviceusage.googleapis.com/v1/projects/miryangosweb/services/firebaseapphosting.googleapis.com 200
[debug] [2026-01-20T06:00:53.151Z] <<< [apiv2][body] GET https://serviceusage.googleapis.com/v1/projects/miryangosweb/services/firebaseapphosting.googleapis.com [omitted]
[debug] [2026-01-20T06:00:53.178Z] <<< [apiv2][status] GET https://serviceusage.googleapis.com/v1/projects/miryangosweb/services/cloudfunctions.googleapis.com 200
[debug] [2026-01-20T06:00:53.178Z] <<< [apiv2][body] GET https://serviceusage.googleapis.com/v1/projects/miryangosweb/services/cloudfunctions.googleapis.com [omitted]
[debug] [2026-01-20T06:00:53.182Z] <<< [apiv2][status] GET https://serviceusage.googleapis.com/v1/projects/miryangosweb/services/firebasedataconnect.googleapis.com 200
[debug] [2026-01-20T06:00:53.182Z] <<< [apiv2][body] GET https://serviceusage.googleapis.com/v1/projects/miryangosweb/services/firebasedataconnect.googleapis.com [omitted]
[debug] [2026-01-20T06:00:53.934Z] <<< [apiv2][status] GET https://serviceusage.googleapis.com/v1/projects/miryangosweb/services/firebaseio.com 403
[debug] [2026-01-20T06:00:53.934Z] <<< [apiv2][body] GET https://serviceusage.googleapis.com/v1/projects/miryangosweb/services/firebaseio.com [omitted]
[debug] [2026-01-20T06:00:54.009Z] <<< [apiv2][status] GET https://serviceusage.googleapis.com/v1/projects/miryangosweb/services/firebaseapphosting.googleapis.com 200
[debug] [2026-01-20T06:00:54.009Z] <<< [apiv2][body] GET https://serviceusage.googleapis.com/v1/projects/miryangosweb/services/firebaseapphosting.googleapis.com [omitted]
[debug] [2026-01-20T06:00:54.040Z] <<< [apiv2][status] GET https://serviceusage.googleapis.com/v1/projects/miryangosweb/services/cloudfunctions.googleapis.com 200
[debug] [2026-01-20T06:00:54.040Z] <<< [apiv2][body] GET https://serviceusage.googleapis.com/v1/projects/miryangosweb/services/cloudfunctions.googleapis.com [omitted]
[debug] [2026-01-20T06:00:54.064Z] <<< [apiv2][status] GET https://serviceusage.googleapis.com/v1/projects/miryangosweb/services/firebasedataconnect.googleapis.com 200
[debug] [2026-01-20T06:00:54.064Z] <<< [apiv2][body] GET https://serviceusage.googleapis.com/v1/projects/miryangosweb/services/firebasedataconnect.googleapis.com [omitted]
[debug] [2026-01-20T06:00:54.135Z] > command requires scopes: ["email","openid","https://www.googleapis.com/auth/cloudplatformprojects.readonly","https://www.googleapis.com/auth/firebase","https://www.googleapis.com/auth/cloud-platform"]
[debug] [2026-01-20T06:00:54.135Z] > authorizing via signed-in user (drjang00@gmail.com)
[debug] [2026-01-20T06:00:54.135Z] Checked if tokens are valid: true, expires at: 1768892366977
[debug] [2026-01-20T06:00:54.135Z] Checked if tokens are valid: true, expires at: 1768892366977
[debug] [2026-01-20T06:00:54.135Z] >>> [apiv2][query] GET https://cloudbilling.googleapis.com/v1/projects/miryangosweb/billingInfo [none]
[debug] [2026-01-20T06:00:54.404Z] <<< [apiv2][status] GET https://cloudbilling.googleapis.com/v1/projects/miryangosweb/billingInfo 200
[debug] [2026-01-20T06:00:54.404Z] <<< [apiv2][body] GET https://cloudbilling.googleapis.com/v1/projects/miryangosweb/billingInfo {"name":"projects/miryangosweb/billingInfo","projectId":"miryangosweb","billingAccountName":"billingAccounts/01FCEA-2B8569-1002A1","billingEnabled":true}
[debug] [2026-01-20T06:00:54.406Z] > command requires scopes: ["email","openid","https://www.googleapis.com/auth/cloudplatformprojects.readonly","https://www.googleapis.com/auth/firebase","https://www.googleapis.com/auth/cloud-platform"]
[debug] [2026-01-20T06:00:54.406Z] > authorizing via signed-in user (drjang00@gmail.com)
[debug] [2026-01-20T06:00:54.482Z] > command requires scopes: ["email","openid","https://www.googleapis.com/auth/cloudplatformprojects.readonly","https://www.googleapis.com/auth/firebase","https://www.googleapis.com/auth/cloud-platform"]
[debug] [2026-01-20T06:00:54.482Z] > authorizing via signed-in user (drjang00@gmail.com)
[debug] [2026-01-20T06:00:54.482Z] Checked if tokens are valid: true, expires at: 1768892366977
[debug] [2026-01-20T06:00:54.482Z] Checked if tokens are valid: true, expires at: 1768892366977
[debug] [2026-01-20T06:00:54.482Z] >>> [apiv2][query] GET https://cloudbilling.googleapis.com/v1/projects/miryangosweb/billingInfo [none]
[debug] [2026-01-20T06:00:54.745Z] <<< [apiv2][status] GET https://cloudbilling.googleapis.com/v1/projects/miryangosweb/billingInfo 200
[debug] [2026-01-20T06:00:54.745Z] <<< [apiv2][body] GET https://cloudbilling.googleapis.com/v1/projects/miryangosweb/billingInfo {"name":"projects/miryangosweb/billingInfo","projectId":"miryangosweb","billingAccountName":"billingAccounts/01FCEA-2B8569-1002A1","billingEnabled":true}
[debug] [2026-01-20T06:00:54.747Z] > command requires scopes: ["email","openid","https://www.googleapis.com/auth/cloudplatformprojects.readonly","https://www.googleapis.com/auth/firebase","https://www.googleapis.com/auth/cloud-platform"]
[debug] [2026-01-20T06:00:54.747Z] > authorizing via signed-in user (drjang00@gmail.com)
[debug] [2026-01-20T06:18:23.283Z] > command requires scopes: ["email","openid","https://www.googleapis.com/auth/cloudplatformprojects.readonly","https://www.googleapis.com/auth/firebase","https://www.googleapis.com/auth/cloud-platform"]
[debug] [2026-01-20T06:18:23.285Z] > authorizing via signed-in user (drjang00@gmail.com)
[debug] [2026-01-20T06:18:23.286Z] Checked if tokens are valid: true, expires at: 1768892366977
[debug] [2026-01-20T06:18:23.286Z] Checked if tokens are valid: true, expires at: 1768892366977
[debug] [2026-01-20T06:18:23.286Z] > command requires scopes: ["email","openid","https://www.googleapis.com/auth/cloudplatformprojects.readonly","https://www.googleapis.com/auth/firebase","https://www.googleapis.com/auth/cloud-platform"]
[debug] [2026-01-20T06:18:23.287Z] > authorizing via signed-in user (drjang00@gmail.com)
[debug] [2026-01-20T06:18:23.287Z] Checked if tokens are valid: true, expires at: 1768892366977
[debug] [2026-01-20T06:18:23.287Z] Checked if tokens are valid: true, expires at: 1768892366977
[debug] [2026-01-20T06:18:23.287Z] >>> [apiv2][query] GET https://cloudbilling.googleapis.com/v1/projects/miryangosweb/billingInfo [none]
[debug] [2026-01-20T06:18:23.289Z] >>> [apiv2][query] GET https://cloudbilling.googleapis.com/v1/projects/miryangosweb/billingInfo [none]
[debug] [2026-01-20T06:18:24.006Z] <<< [apiv2][status] GET https://cloudbilling.googleapis.com/v1/projects/miryangosweb/billingInfo 200
[debug] [2026-01-20T06:18:24.006Z] <<< [apiv2][body] GET https://cloudbilling.googleapis.com/v1/projects/miryangosweb/billingInfo {"name":"projects/miryangosweb/billingInfo","projectId":"miryangosweb","billingAccountName":"billingAccounts/01FCEA-2B8569-1002A1","billingEnabled":true}
[debug] [2026-01-20T06:18:24.808Z] Checked if tokens are valid: true, expires at: 1768892366977
[debug] [2026-01-20T06:18:24.808Z] Checked if tokens are valid: true, expires at: 1768892366977
[debug] [2026-01-20T06:18:24.809Z] Checked if tokens are valid: true, expires at: 1768892366977
[debug] [2026-01-20T06:18:24.809Z] Checked if tokens are valid: true, expires at: 1768892366977
[debug] [2026-01-20T06:18:24.818Z] Checked if tokens are valid: true, expires at: 1768892366977
[debug] [2026-01-20T06:18:24.818Z] Checked if tokens are valid: true, expires at: 1768892366977
[debug] [2026-01-20T06:18:24.818Z] Checked if tokens are valid: true, expires at: 1768892366977
[debug] [2026-01-20T06:18:24.818Z] Checked if tokens are valid: true, expires at: 1768892366977
[debug] [2026-01-20T06:18:24.818Z] >>> [apiv2][query] GET https://serviceusage.googleapis.com/v1/projects/miryangosweb/services/firebasedataconnect.googleapis.com [none]
[debug] [2026-01-20T06:18:24.818Z] >>> [apiv2][(partial)header] GET https://serviceusage.googleapis.com/v1/projects/miryangosweb/services/firebasedataconnect.googleapis.com x-goog-quota-user=projects/miryangosweb
[debug] [2026-01-20T06:18:24.819Z] >>> [apiv2][query] GET https://serviceusage.googleapis.com/v1/projects/miryangosweb/services/cloudfunctions.googleapis.com [none]
[debug] [2026-01-20T06:18:24.819Z] >>> [apiv2][(partial)header] GET https://serviceusage.googleapis.com/v1/projects/miryangosweb/services/cloudfunctions.googleapis.com x-goog-quota-user=projects/miryangosweb
[debug] [2026-01-20T06:18:24.820Z] >>> [apiv2][query] GET https://serviceusage.googleapis.com/v1/projects/miryangosweb/services/firebaseapphosting.googleapis.com [none]
[debug] [2026-01-20T06:18:24.820Z] >>> [apiv2][(partial)header] GET https://serviceusage.googleapis.com/v1/projects/miryangosweb/services/firebaseapphosting.googleapis.com x-goog-quota-user=projects/miryangosweb
[debug] [2026-01-20T06:18:24.821Z] >>> [apiv2][query] GET https://serviceusage.googleapis.com/v1/projects/miryangosweb/services/firebaseio.com [none]
[debug] [2026-01-20T06:18:24.821Z] >>> [apiv2][(partial)header] GET https://serviceusage.googleapis.com/v1/projects/miryangosweb/services/firebaseio.com x-goog-quota-user=projects/miryangosweb
[debug] [2026-01-20T06:18:24.847Z] <<< [apiv2][status] GET https://cloudbilling.googleapis.com/v1/projects/miryangosweb/billingInfo 200
[debug] [2026-01-20T06:18:24.847Z] <<< [apiv2][body] GET https://cloudbilling.googleapis.com/v1/projects/miryangosweb/billingInfo {"name":"projects/miryangosweb/billingInfo","projectId":"miryangosweb","billingAccountName":"billingAccounts/01FCEA-2B8569-1002A1","billingEnabled":true}
[debug] [2026-01-20T06:18:24.848Z] Checked if tokens are valid: true, expires at: 1768892366977
[debug] [2026-01-20T06:18:24.848Z] Checked if tokens are valid: true, expires at: 1768892366977
[debug] [2026-01-20T06:18:24.849Z] Checked if tokens are valid: true, expires at: 1768892366977
[debug] [2026-01-20T06:18:24.849Z] Checked if tokens are valid: true, expires at: 1768892366977
[debug] [2026-01-20T06:18:24.852Z] Checked if tokens are valid: true, expires at: 1768892366977
[debug] [2026-01-20T06:18:24.852Z] Checked if tokens are valid: true, expires at: 1768892366977
[debug] [2026-01-20T06:18:24.853Z] Checked if tokens are valid: true, expires at: 1768892366977
[debug] [2026-01-20T06:18:24.853Z] Checked if tokens are valid: true, expires at: 1768892366977
[debug] [2026-01-20T06:18:24.853Z] >>> [apiv2][query] GET https://serviceusage.googleapis.com/v1/projects/miryangosweb/services/firebasedataconnect.googleapis.com [none]
[debug] [2026-01-20T06:18:24.853Z] >>> [apiv2][(partial)header] GET https://serviceusage.googleapis.com/v1/projects/miryangosweb/services/firebasedataconnect.googleapis.com x-goog-quota-user=projects/miryangosweb
[debug] [2026-01-20T06:18:24.854Z] >>> [apiv2][query] GET https://serviceusage.googleapis.com/v1/projects/miryangosweb/services/cloudfunctions.googleapis.com [none]
[debug] [2026-01-20T06:18:24.854Z] >>> [apiv2][(partial)header] GET https://serviceusage.googleapis.com/v1/projects/miryangosweb/services/cloudfunctions.googleapis.com x-goog-quota-user=projects/miryangosweb
[debug] [2026-01-20T06:18:24.855Z] >>> [apiv2][query] GET https://serviceusage.googleapis.com/v1/projects/miryangosweb/services/firebaseapphosting.googleapis.com [none]
[debug] [2026-01-20T06:18:24.855Z] >>> [apiv2][(partial)header] GET https://serviceusage.googleapis.com/v1/projects/miryangosweb/services/firebaseapphosting.googleapis.com x-goog-quota-user=projects/miryangosweb
[debug] [2026-01-20T06:18:24.855Z] >>> [apiv2][query] GET https://serviceusage.googleapis.com/v1/projects/miryangosweb/services/firebaseio.com [none]
[debug] [2026-01-20T06:18:24.856Z] >>> [apiv2][(partial)header] GET https://serviceusage.googleapis.com/v1/projects/miryangosweb/services/firebaseio.com x-goog-quota-user=projects/miryangosweb
[debug] [2026-01-20T06:18:25.787Z] <<< [apiv2][status] GET https://serviceusage.googleapis.com/v1/projects/miryangosweb/services/firebaseio.com 403
[debug] [2026-01-20T06:18:25.787Z] <<< [apiv2][body] GET https://serviceusage.googleapis.com/v1/projects/miryangosweb/services/firebaseio.com [omitted]
[debug] [2026-01-20T06:18:25.821Z] <<< [apiv2][status] GET https://serviceusage.googleapis.com/v1/projects/miryangosweb/services/firebaseapphosting.googleapis.com 200
[debug] [2026-01-20T06:18:25.821Z] <<< [apiv2][body] GET https://serviceusage.googleapis.com/v1/projects/miryangosweb/services/firebaseapphosting.googleapis.com [omitted]
[debug] [2026-01-20T06:18:25.830Z] <<< [apiv2][status] GET https://serviceusage.googleapis.com/v1/projects/miryangosweb/services/cloudfunctions.googleapis.com 200
[debug] [2026-01-20T06:18:25.830Z] <<< [apiv2][body] GET https://serviceusage.googleapis.com/v1/projects/miryangosweb/services/cloudfunctions.googleapis.com [omitted]
[debug] [2026-01-20T06:18:25.839Z] <<< [apiv2][status] GET https://serviceusage.googleapis.com/v1/projects/miryangosweb/services/firebasedataconnect.googleapis.com 200
[debug] [2026-01-20T06:18:25.839Z] <<< [apiv2][body] GET https://serviceusage.googleapis.com/v1/projects/miryangosweb/services/firebasedataconnect.googleapis.com [omitted]
[debug] [2026-01-20T06:18:26.614Z] <<< [apiv2][status] GET https://serviceusage.googleapis.com/v1/projects/miryangosweb/services/firebaseio.com 403
[debug] [2026-01-20T06:18:26.615Z] <<< [apiv2][body] GET https://serviceusage.googleapis.com/v1/projects/miryangosweb/services/firebaseio.com [omitted]
[debug] [2026-01-20T06:18:26.692Z] <<< [apiv2][status] GET https://serviceusage.googleapis.com/v1/projects/miryangosweb/services/firebasedataconnect.googleapis.com 200
[debug] [2026-01-20T06:18:26.692Z] <<< [apiv2][body] GET https://serviceusage.googleapis.com/v1/projects/miryangosweb/services/firebasedataconnect.googleapis.com [omitted]
[debug] [2026-01-20T06:18:26.699Z] <<< [apiv2][status] GET https://serviceusage.googleapis.com/v1/projects/miryangosweb/services/cloudfunctions.googleapis.com 200
[debug] [2026-01-20T06:18:26.699Z] <<< [apiv2][body] GET https://serviceusage.googleapis.com/v1/projects/miryangosweb/services/cloudfunctions.googleapis.com [omitted]
[debug] [2026-01-20T06:18:26.700Z] <<< [apiv2][status] GET https://serviceusage.googleapis.com/v1/projects/miryangosweb/services/firebaseapphosting.googleapis.com 200
[debug] [2026-01-20T06:18:26.700Z] <<< [apiv2][body] GET https://serviceusage.googleapis.com/v1/projects/miryangosweb/services/firebaseapphosting.googleapis.com [omitted]
[debug] [2026-01-20T06:18:26.778Z] > command requires scopes: ["email","openid","https://www.googleapis.com/auth/cloudplatformprojects.readonly","https://www.googleapis.com/auth/firebase","https://www.googleapis.com/auth/cloud-platform"]
[debug] [2026-01-20T06:18:26.778Z] > authorizing via signed-in user (drjang00@gmail.com)
[debug] [2026-01-20T06:18:26.778Z] Checked if tokens are valid: true, expires at: 1768892366977
[debug] [2026-01-20T06:18:26.778Z] Checked if tokens are valid: true, expires at: 1768892366977
[debug] [2026-01-20T06:18:26.779Z] >>> [apiv2][query] GET https://cloudbilling.googleapis.com/v1/projects/miryangosweb/billingInfo [none]
[debug] [2026-01-20T06:18:27.893Z] <<< [apiv2][status] GET https://cloudbilling.googleapis.com/v1/projects/miryangosweb/billingInfo 200
[debug] [2026-01-20T06:18:27.894Z] <<< [apiv2][body] GET https://cloudbilling.googleapis.com/v1/projects/miryangosweb/billingInfo {"name":"projects/miryangosweb/billingInfo","projectId":"miryangosweb","billingAccountName":"billingAccounts/01FCEA-2B8569-1002A1","billingEnabled":true}
[debug] [2026-01-20T06:18:27.896Z] > command requires scopes: ["email","openid","https://www.googleapis.com/auth/cloudplatformprojects.readonly","https://www.googleapis.com/auth/firebase","https://www.googleapis.com/auth/cloud-platform"]
[debug] [2026-01-20T06:18:27.896Z] > authorizing via signed-in user (drjang00@gmail.com)
[debug] [2026-01-20T06:18:27.971Z] > command requires scopes: ["email","openid","https://www.googleapis.com/auth/cloudplatformprojects.readonly","https://www.googleapis.com/auth/firebase","https://www.googleapis.com/auth/cloud-platform"]
[debug] [2026-01-20T06:18:27.971Z] > authorizing via signed-in user (drjang00@gmail.com)
[debug] [2026-01-20T06:18:27.971Z] Checked if tokens are valid: true, expires at: 1768892366977
[debug] [2026-01-20T06:18:27.971Z] Checked if tokens are valid: true, expires at: 1768892366977
[debug] [2026-01-20T06:18:27.971Z] >>> [apiv2][query] GET https://cloudbilling.googleapis.com/v1/projects/miryangosweb/billingInfo [none]
[debug] [2026-01-20T06:18:29.106Z] <<< [apiv2][status] GET https://cloudbilling.googleapis.com/v1/projects/miryangosweb/billingInfo 200
[debug] [2026-01-20T06:18:29.107Z] <<< [apiv2][body] GET https://cloudbilling.googleapis.com/v1/projects/miryangosweb/billingInfo {"name":"projects/miryangosweb/billingInfo","projectId":"miryangosweb","billingAccountName":"billingAccounts/01FCEA-2B8569-1002A1","billingEnabled":true}
[debug] [2026-01-20T06:18:29.109Z] > command requires scopes: ["email","openid","https://www.googleapis.com/auth/cloudplatformprojects.readonly","https://www.googleapis.com/auth/firebase","https://www.googleapis.com/auth/cloud-platform"]
[debug] [2026-01-20T06:18:29.109Z] > authorizing via signed-in user (drjang00@gmail.com)
[debug] [2026-01-20T06:18:42.767Z] > command requires scopes: ["email","openid","https://www.googleapis.com/auth/cloudplatformprojects.readonly","https://www.googleapis.com/auth/firebase","https://www.googleapis.com/auth/cloud-platform"]
[debug] [2026-01-20T06:18:42.769Z] > authorizing via signed-in user (drjang00@gmail.com)
[debug] [2026-01-20T06:18:42.770Z] Checked if tokens are valid: true, expires at: 1768892366977
[debug] [2026-01-20T06:18:42.770Z] Checked if tokens are valid: true, expires at: 1768892366977
[debug] [2026-01-20T06:18:42.770Z] >>> [apiv2][query] GET https://cloudbilling.googleapis.com/v1/projects/miryangosweb/billingInfo [none]
[debug] [2026-01-20T06:18:42.777Z] > command requires scopes: ["email","openid","https://www.googleapis.com/auth/cloudplatformprojects.readonly","https://www.googleapis.com/auth/firebase","https://www.googleapis.com/auth/cloud-platform"]
[debug] [2026-01-20T06:18:42.777Z] > authorizing via signed-in user (drjang00@gmail.com)
[debug] [2026-01-20T06:18:42.777Z] Checked if tokens are valid: true, expires at: 1768892366977
[debug] [2026-01-20T06:18:42.777Z] Checked if tokens are valid: true, expires at: 1768892366977
[debug] [2026-01-20T06:18:42.777Z] >>> [apiv2][query] GET https://cloudbilling.googleapis.com/v1/projects/miryangosweb/billingInfo [none]
[debug] [2026-01-20T06:18:44.009Z] <<< [apiv2][status] GET https://cloudbilling.googleapis.com/v1/projects/miryangosweb/billingInfo 200
[debug] [2026-01-20T06:18:44.009Z] <<< [apiv2][body] GET https://cloudbilling.googleapis.com/v1/projects/miryangosweb/billingInfo {"name":"projects/miryangosweb/billingInfo","projectId":"miryangosweb","billingAccountName":"billingAccounts/01FCEA-2B8569-1002A1","billingEnabled":true}
[debug] [2026-01-20T06:18:44.688Z] Checked if tokens are valid: true, expires at: 1768892366977
[debug] [2026-01-20T06:18:44.688Z] Checked if tokens are valid: true, expires at: 1768892366977
[debug] [2026-01-20T06:18:44.689Z] Checked if tokens are valid: true, expires at: 1768892366977
[debug] [2026-01-20T06:18:44.689Z] Checked if tokens are valid: true, expires at: 1768892366977
[debug] [2026-01-20T06:18:44.696Z] Checked if tokens are valid: true, expires at: 1768892366977
[debug] [2026-01-20T06:18:44.696Z] Checked if tokens are valid: true, expires at: 1768892366977
[debug] [2026-01-20T06:18:44.696Z] Checked if tokens are valid: true, expires at: 1768892366977
[debug] [2026-01-20T06:18:44.696Z] Checked if tokens are valid: true, expires at: 1768892366977
[debug] [2026-01-20T06:18:44.696Z] >>> [apiv2][query] GET https://serviceusage.googleapis.com/v1/projects/miryangosweb/services/firebasedataconnect.googleapis.com [none]
[debug] [2026-01-20T06:18:44.696Z] >>> [apiv2][(partial)header] GET https://serviceusage.googleapis.com/v1/projects/miryangosweb/services/firebasedataconnect.googleapis.com x-goog-quota-user=projects/miryangosweb
[debug] [2026-01-20T06:18:44.697Z] >>> [apiv2][query] GET https://serviceusage.googleapis.com/v1/projects/miryangosweb/services/cloudfunctions.googleapis.com [none]
[debug] [2026-01-20T06:18:44.697Z] >>> [apiv2][(partial)header] GET https://serviceusage.googleapis.com/v1/projects/miryangosweb/services/cloudfunctions.googleapis.com x-goog-quota-user=projects/miryangosweb
[debug] [2026-01-20T06:18:44.698Z] >>> [apiv2][query] GET https://serviceusage.googleapis.com/v1/projects/miryangosweb/services/firebaseapphosting.googleapis.com [none]
[debug] [2026-01-20T06:18:44.698Z] >>> [apiv2][(partial)header] GET https://serviceusage.googleapis.com/v1/projects/miryangosweb/services/firebaseapphosting.googleapis.com x-goog-quota-user=projects/miryangosweb
[debug] [2026-01-20T06:18:44.699Z] >>> [apiv2][query] GET https://serviceusage.googleapis.com/v1/projects/miryangosweb/services/firebaseio.com [none]
[debug] [2026-01-20T06:18:44.699Z] >>> [apiv2][(partial)header] GET https://serviceusage.googleapis.com/v1/projects/miryangosweb/services/firebaseio.com x-goog-quota-user=projects/miryangosweb
[debug] [2026-01-20T06:18:44.725Z] <<< [apiv2][status] GET https://cloudbilling.googleapis.com/v1/projects/miryangosweb/billingInfo 200
[debug] [2026-01-20T06:18:44.725Z] <<< [apiv2][body] GET https://cloudbilling.googleapis.com/v1/projects/miryangosweb/billingInfo {"name":"projects/miryangosweb/billingInfo","projectId":"miryangosweb","billingAccountName":"billingAccounts/01FCEA-2B8569-1002A1","billingEnabled":true}
[debug] [2026-01-20T06:18:44.726Z] Checked if tokens are valid: true, expires at: 1768892366977
[debug] [2026-01-20T06:18:44.726Z] Checked if tokens are valid: true, expires at: 1768892366977
[debug] [2026-01-20T06:18:44.726Z] Checked if tokens are valid: true, expires at: 1768892366977
[debug] [2026-01-20T06:18:44.726Z] Checked if tokens are valid: true, expires at: 1768892366977
[debug] [2026-01-20T06:18:44.728Z] Checked if tokens are valid: true, expires at: 1768892366977
[debug] [2026-01-20T06:18:44.728Z] Checked if tokens are valid: true, expires at: 1768892366977
[debug] [2026-01-20T06:18:44.729Z] Checked if tokens are valid: true, expires at: 1768892366977
[debug] [2026-01-20T06:18:44.729Z] Checked if tokens are valid: true, expires at: 1768892366977
[debug] [2026-01-20T06:18:44.729Z] >>> [apiv2][query] GET https://serviceusage.googleapis.com/v1/projects/miryangosweb/services/firebasedataconnect.googleapis.com [none]
[debug] [2026-01-20T06:18:44.729Z] >>> [apiv2][(partial)header] GET https://serviceusage.googleapis.com/v1/projects/miryangosweb/services/firebasedataconnect.googleapis.com x-goog-quota-user=projects/miryangosweb
[debug] [2026-01-20T06:18:44.729Z] >>> [apiv2][query] GET https://serviceusage.googleapis.com/v1/projects/miryangosweb/services/cloudfunctions.googleapis.com [none]
[debug] [2026-01-20T06:18:44.729Z] >>> [apiv2][(partial)header] GET https://serviceusage.googleapis.com/v1/projects/miryangosweb/services/cloudfunctions.googleapis.com x-goog-quota-user=projects/miryangosweb
[debug] [2026-01-20T06:18:44.730Z] >>> [apiv2][query] GET https://serviceusage.googleapis.com/v1/projects/miryangosweb/services/firebaseapphosting.googleapis.com [none]
[debug] [2026-01-20T06:18:44.730Z] >>> [apiv2][(partial)header] GET https://serviceusage.googleapis.com/v1/projects/miryangosweb/services/firebaseapphosting.googleapis.com x-goog-quota-user=projects/miryangosweb
[debug] [2026-01-20T06:18:44.731Z] >>> [apiv2][query] GET https://serviceusage.googleapis.com/v1/projects/miryangosweb/services/firebaseio.com [none]
[debug] [2026-01-20T06:18:44.731Z] >>> [apiv2][(partial)header] GET https://serviceusage.googleapis.com/v1/projects/miryangosweb/services/firebaseio.com x-goog-quota-user=projects/miryangosweb
[debug] [2026-01-20T06:18:45.043Z] <<< [apiv2][status] GET https://serviceusage.googleapis.com/v1/projects/miryangosweb/services/cloudfunctions.googleapis.com 200
[debug] [2026-01-20T06:18:45.043Z] <<< [apiv2][body] GET https://serviceusage.googleapis.com/v1/projects/miryangosweb/services/cloudfunctions.googleapis.com [omitted]
[debug] [2026-01-20T06:18:45.629Z] <<< [apiv2][status] GET https://serviceusage.googleapis.com/v1/projects/miryangosweb/services/firebaseio.com 403
[debug] [2026-01-20T06:18:45.629Z] <<< [apiv2][body] GET https://serviceusage.googleapis.com/v1/projects/miryangosweb/services/firebaseio.com [omitted]
[debug] [2026-01-20T06:18:45.635Z] <<< [apiv2][status] GET https://serviceusage.googleapis.com/v1/projects/miryangosweb/services/firebaseapphosting.googleapis.com 200
[debug] [2026-01-20T06:18:45.635Z] <<< [apiv2][body] GET https://serviceusage.googleapis.com/v1/projects/miryangosweb/services/firebaseapphosting.googleapis.com [omitted]
[debug] [2026-01-20T06:18:45.665Z] <<< [apiv2][status] GET https://serviceusage.googleapis.com/v1/projects/miryangosweb/services/firebasedataconnect.googleapis.com 200
[debug] [2026-01-20T06:18:45.665Z] <<< [apiv2][body] GET https://serviceusage.googleapis.com/v1/projects/miryangosweb/services/firebasedataconnect.googleapis.com [omitted]
[debug] [2026-01-20T06:18:45.670Z] <<< [apiv2][status] GET https://serviceusage.googleapis.com/v1/projects/miryangosweb/services/cloudfunctions.googleapis.com 200
[debug] [2026-01-20T06:18:45.670Z] <<< [apiv2][body] GET https://serviceusage.googleapis.com/v1/projects/miryangosweb/services/cloudfunctions.googleapis.com [omitted]
[debug] [2026-01-20T06:18:45.675Z] <<< [apiv2][status] GET https://serviceusage.googleapis.com/v1/projects/miryangosweb/services/firebaseio.com 403
[debug] [2026-01-20T06:18:45.675Z] <<< [apiv2][body] GET https://serviceusage.googleapis.com/v1/projects/miryangosweb/services/firebaseio.com [omitted]
[debug] [2026-01-20T06:18:45.691Z] <<< [apiv2][status] GET https://serviceusage.googleapis.com/v1/projects/miryangosweb/services/firebasedataconnect.googleapis.com 200
[debug] [2026-01-20T06:18:45.691Z] <<< [apiv2][body] GET https://serviceusage.googleapis.com/v1/projects/miryangosweb/services/firebasedataconnect.googleapis.com [omitted]
[debug] [2026-01-20T06:18:45.697Z] <<< [apiv2][status] GET https://serviceusage.googleapis.com/v1/projects/miryangosweb/services/firebaseapphosting.googleapis.com 200
[debug] [2026-01-20T06:18:45.698Z] <<< [apiv2][body] GET https://serviceusage.googleapis.com/v1/projects/miryangosweb/services/firebaseapphosting.googleapis.com [omitted]
[debug] [2026-01-20T06:18:45.773Z] > command requires scopes: ["email","openid","https://www.googleapis.com/auth/cloudplatformprojects.readonly","https://www.googleapis.com/auth/firebase","https://www.googleapis.com/auth/cloud-platform"]
[debug] [2026-01-20T06:18:45.773Z] > authorizing via signed-in user (drjang00@gmail.com)
[debug] [2026-01-20T06:18:45.773Z] Checked if tokens are valid: true, expires at: 1768892366977
[debug] [2026-01-20T06:18:45.773Z] Checked if tokens are valid: true, expires at: 1768892366977
[debug] [2026-01-20T06:18:45.773Z] >>> [apiv2][query] GET https://cloudbilling.googleapis.com/v1/projects/miryangosweb/billingInfo [none]
[debug] [2026-01-20T06:18:46.901Z] <<< [apiv2][status] GET https://cloudbilling.googleapis.com/v1/projects/miryangosweb/billingInfo 200
[debug] [2026-01-20T06:18:46.901Z] <<< [apiv2][body] GET https://cloudbilling.googleapis.com/v1/projects/miryangosweb/billingInfo {"name":"projects/miryangosweb/billingInfo","projectId":"miryangosweb","billingAccountName":"billingAccounts/01FCEA-2B8569-1002A1","billingEnabled":true}
[debug] [2026-01-20T06:18:46.903Z] > command requires scopes: ["email","openid","https://www.googleapis.com/auth/cloudplatformprojects.readonly","https://www.googleapis.com/auth/firebase","https://www.googleapis.com/auth/cloud-platform"]
[debug] [2026-01-20T06:18:46.903Z] > authorizing via signed-in user (drjang00@gmail.com)
[debug] [2026-01-20T06:18:46.978Z] > command requires scopes: ["email","openid","https://www.googleapis.com/auth/cloudplatformprojects.readonly","https://www.googleapis.com/auth/firebase","https://www.googleapis.com/auth/cloud-platform"]
[debug] [2026-01-20T06:18:46.978Z] > authorizing via signed-in user (drjang00@gmail.com)
[debug] [2026-01-20T06:18:46.978Z] Checked if tokens are valid: true, expires at: 1768892366977
[debug] [2026-01-20T06:18:46.978Z] Checked if tokens are valid: true, expires at: 1768892366977
[debug] [2026-01-20T06:18:46.978Z] >>> [apiv2][query] GET https://cloudbilling.googleapis.com/v1/projects/miryangosweb/billingInfo [none]
[debug] [2026-01-20T06:18:47.275Z] <<< [apiv2][status] GET https://cloudbilling.googleapis.com/v1/projects/miryangosweb/billingInfo 200
[debug] [2026-01-20T06:18:47.275Z] <<< [apiv2][body] GET https://cloudbilling.googleapis.com/v1/projects/miryangosweb/billingInfo {"name":"projects/miryangosweb/billingInfo","projectId":"miryangosweb","billingAccountName":"billingAccounts/01FCEA-2B8569-1002A1","billingEnabled":true}
[debug] [2026-01-20T06:18:47.277Z] > command requires scopes: ["email","openid","https://www.googleapis.com/auth/cloudplatformprojects.readonly","https://www.googleapis.com/auth/firebase","https://www.googleapis.com/auth/cloud-platform"]
[debug] [2026-01-20T06:18:47.277Z] > authorizing via signed-in user (drjang00@gmail.com)
